// Jest Snapshot v1, https://goo.gl/fbAQLP

exports[`should combine files 1`] = `
Object {
  "modules": Object {
    "ComponentOne": Object {
      "foo": "baz",
    },
    "ComponentTwo": Object {
      "foo": "bar",
    },
  },
}
`;
