// Jest Snapshot v1, https://goo.gl/fbAQLP

exports[`GenerateComponentDescriptorH can generate for 'ArrayPropsNativeComponent.js' 1`] = `
Object {
  "ComponentDescriptors.h": "
/**
 * This code was generated by [react-native-codegen](https://www.npmjs.com/package/react-native-codegen).
 *
 * Do not edit this file as changes may cause incorrect behavior and will be lost
 * once the code is regenerated.
 *
 * @generated by codegen project: GenerateComponentDescriptorH.js
 */

#pragma once

#include <react/renderer/components/RNCodegenModuleFixtures/ShadowNodes.h>
#include <react/renderer/core/ConcreteComponentDescriptor.h>

namespace facebook {
namespace react {

using ArrayPropsNativeComponentViewComponentDescriptor = ConcreteComponentDescriptor<ArrayPropsNativeComponentViewShadowNode>;

} // namespace react
} // namespace facebook
",
}
`;

exports[`GenerateComponentDescriptorH can generate for 'BooleanPropNativeComponent.js' 1`] = `
Object {
  "ComponentDescriptors.h": "
/**
 * This code was generated by [react-native-codegen](https://www.npmjs.com/package/react-native-codegen).
 *
 * Do not edit this file as changes may cause incorrect behavior and will be lost
 * once the code is regenerated.
 *
 * @generated by codegen project: GenerateComponentDescriptorH.js
 */

#pragma once

#include <react/renderer/components/RNCodegenModuleFixtures/ShadowNodes.h>
#include <react/renderer/core/ConcreteComponentDescriptor.h>

namespace facebook {
namespace react {

using BooleanPropNativeComponentViewComponentDescriptor = ConcreteComponentDescriptor<BooleanPropNativeComponentViewShadowNode>;

} // namespace react
} // namespace facebook
",
}
`;

exports[`GenerateComponentDescriptorH can generate for 'ColorPropNativeComponent.js' 1`] = `
Object {
  "ComponentDescriptors.h": "
/**
 * This code was generated by [react-native-codegen](https://www.npmjs.com/package/react-native-codegen).
 *
 * Do not edit this file as changes may cause incorrect behavior and will be lost
 * once the code is regenerated.
 *
 * @generated by codegen project: GenerateComponentDescriptorH.js
 */

#pragma once

#include <react/renderer/components/RNCodegenModuleFixtures/ShadowNodes.h>
#include <react/renderer/core/ConcreteComponentDescriptor.h>

namespace facebook {
namespace react {

using ColorPropNativeComponentViewComponentDescriptor = ConcreteComponentDescriptor<ColorPropNativeComponentViewShadowNode>;

} // namespace react
} // namespace facebook
",
}
`;

exports[`GenerateComponentDescriptorH can generate for 'EdgeInsetsPropNativeComponent.js' 1`] = `
Object {
  "ComponentDescriptors.h": "
/**
 * This code was generated by [react-native-codegen](https://www.npmjs.com/package/react-native-codegen).
 *
 * Do not edit this file as changes may cause incorrect behavior and will be lost
 * once the code is regenerated.
 *
 * @generated by codegen project: GenerateComponentDescriptorH.js
 */

#pragma once

#include <react/renderer/components/RNCodegenModuleFixtures/ShadowNodes.h>
#include <react/renderer/core/ConcreteComponentDescriptor.h>

namespace facebook {
namespace react {

using EdgeInsetsPropNativeComponentViewComponentDescriptor = ConcreteComponentDescriptor<EdgeInsetsPropNativeComponentViewShadowNode>;

} // namespace react
} // namespace facebook
",
}
`;

exports[`GenerateComponentDescriptorH can generate for 'EnumPropNativeComponent.js' 1`] = `
Object {
  "ComponentDescriptors.h": "
/**
 * This code was generated by [react-native-codegen](https://www.npmjs.com/package/react-native-codegen).
 *
 * Do not edit this file as changes may cause incorrect behavior and will be lost
 * once the code is regenerated.
 *
 * @generated by codegen project: GenerateComponentDescriptorH.js
 */

#pragma once

#include <react/renderer/components/RNCodegenModuleFixtures/ShadowNodes.h>
#include <react/renderer/core/ConcreteComponentDescriptor.h>

namespace facebook {
namespace react {

using EnumPropNativeComponentViewComponentDescriptor = ConcreteComponentDescriptor<EnumPropNativeComponentViewShadowNode>;

} // namespace react
} // namespace facebook
",
}
`;

exports[`GenerateComponentDescriptorH can generate for 'EventNestedObjectPropsNativeComponent.js' 1`] = `
Object {
  "ComponentDescriptors.h": "
/**
 * This code was generated by [react-native-codegen](https://www.npmjs.com/package/react-native-codegen).
 *
 * Do not edit this file as changes may cause incorrect behavior and will be lost
 * once the code is regenerated.
 *
 * @generated by codegen project: GenerateComponentDescriptorH.js
 */

#pragma once

#include <react/renderer/components/RNCodegenModuleFixtures/ShadowNodes.h>
#include <react/renderer/core/ConcreteComponentDescriptor.h>

namespace facebook {
namespace react {

using EventNestedObjectPropsNativeComponentViewComponentDescriptor = ConcreteComponentDescriptor<EventNestedObjectPropsNativeComponentViewShadowNode>;

} // namespace react
} // namespace facebook
",
}
`;

exports[`GenerateComponentDescriptorH can generate for 'EventPropsNativeComponent.js' 1`] = `
Object {
  "ComponentDescriptors.h": "
/**
 * This code was generated by [react-native-codegen](https://www.npmjs.com/package/react-native-codegen).
 *
 * Do not edit this file as changes may cause incorrect behavior and will be lost
 * once the code is regenerated.
 *
 * @generated by codegen project: GenerateComponentDescriptorH.js
 */

#pragma once

#include <react/renderer/components/RNCodegenModuleFixtures/ShadowNodes.h>
#include <react/renderer/core/ConcreteComponentDescriptor.h>

namespace facebook {
namespace react {

using EventPropsNativeComponentViewComponentDescriptor = ConcreteComponentDescriptor<EventPropsNativeComponentViewShadowNode>;

} // namespace react
} // namespace facebook
",
}
`;

exports[`GenerateComponentDescriptorH can generate for 'FloatPropsNativeComponent.js' 1`] = `
Object {
  "ComponentDescriptors.h": "
/**
 * This code was generated by [react-native-codegen](https://www.npmjs.com/package/react-native-codegen).
 *
 * Do not edit this file as changes may cause incorrect behavior and will be lost
 * once the code is regenerated.
 *
 * @generated by codegen project: GenerateComponentDescriptorH.js
 */

#pragma once

#include <react/renderer/components/RNCodegenModuleFixtures/ShadowNodes.h>
#include <react/renderer/core/ConcreteComponentDescriptor.h>

namespace facebook {
namespace react {

using FloatPropsNativeComponentViewComponentDescriptor = ConcreteComponentDescriptor<FloatPropsNativeComponentViewShadowNode>;

} // namespace react
} // namespace facebook
",
}
`;

exports[`GenerateComponentDescriptorH can generate for 'ImagePropNativeComponent.js' 1`] = `
Object {
  "ComponentDescriptors.h": "
/**
 * This code was generated by [react-native-codegen](https://www.npmjs.com/package/react-native-codegen).
 *
 * Do not edit this file as changes may cause incorrect behavior and will be lost
 * once the code is regenerated.
 *
 * @generated by codegen project: GenerateComponentDescriptorH.js
 */

#pragma once

#include <react/renderer/components/RNCodegenModuleFixtures/ShadowNodes.h>
#include <react/renderer/core/ConcreteComponentDescriptor.h>

namespace facebook {
namespace react {

using ImagePropNativeComponentViewComponentDescriptor = ConcreteComponentDescriptor<ImagePropNativeComponentViewShadowNode>;

} // namespace react
} // namespace facebook
",
}
`;

exports[`GenerateComponentDescriptorH can generate for 'IntegerPropNativeComponent.js' 1`] = `
Object {
  "ComponentDescriptors.h": "
/**
 * This code was generated by [react-native-codegen](https://www.npmjs.com/package/react-native-codegen).
 *
 * Do not edit this file as changes may cause incorrect behavior and will be lost
 * once the code is regenerated.
 *
 * @generated by codegen project: GenerateComponentDescriptorH.js
 */

#pragma once

#include <react/renderer/components/RNCodegenModuleFixtures/ShadowNodes.h>
#include <react/renderer/core/ConcreteComponentDescriptor.h>

namespace facebook {
namespace react {

using IntegerPropNativeComponentViewComponentDescriptor = ConcreteComponentDescriptor<IntegerPropNativeComponentViewShadowNode>;

} // namespace react
} // namespace facebook
",
}
`;

exports[`GenerateComponentDescriptorH can generate for 'InterfaceOnlyNativeComponent.js' 1`] = `
Object {
  "ComponentDescriptors.h": "
/**
 * This code was generated by [react-native-codegen](https://www.npmjs.com/package/react-native-codegen).
 *
 * Do not edit this file as changes may cause incorrect behavior and will be lost
 * once the code is regenerated.
 *
 * @generated by codegen project: GenerateComponentDescriptorH.js
 */

#pragma once

#include <react/renderer/components/RNCodegenModuleFixtures/ShadowNodes.h>
#include <react/renderer/core/ConcreteComponentDescriptor.h>

namespace facebook {
namespace react {



} // namespace react
} // namespace facebook
",
}
`;

exports[`GenerateComponentDescriptorH can generate for 'MultiNativePropNativeComponent.js' 1`] = `
Object {
  "ComponentDescriptors.h": "
/**
 * This code was generated by [react-native-codegen](https://www.npmjs.com/package/react-native-codegen).
 *
 * Do not edit this file as changes may cause incorrect behavior and will be lost
 * once the code is regenerated.
 *
 * @generated by codegen project: GenerateComponentDescriptorH.js
 */

#pragma once

#include <react/renderer/components/RNCodegenModuleFixtures/ShadowNodes.h>
#include <react/renderer/core/ConcreteComponentDescriptor.h>

namespace facebook {
namespace react {

using MultiNativePropNativeComponentViewComponentDescriptor = ConcreteComponentDescriptor<MultiNativePropNativeComponentViewShadowNode>;

} // namespace react
} // namespace facebook
",
}
`;

exports[`GenerateComponentDescriptorH can generate for 'NoPropsNoEventsNativeComponent.js' 1`] = `
Object {
  "ComponentDescriptors.h": "
/**
 * This code was generated by [react-native-codegen](https://www.npmjs.com/package/react-native-codegen).
 *
 * Do not edit this file as changes may cause incorrect behavior and will be lost
 * once the code is regenerated.
 *
 * @generated by codegen project: GenerateComponentDescriptorH.js
 */

#pragma once

#include <react/renderer/components/RNCodegenModuleFixtures/ShadowNodes.h>
#include <react/renderer/core/ConcreteComponentDescriptor.h>

namespace facebook {
namespace react {

using NoPropsNoEventsNativeComponentViewComponentDescriptor = ConcreteComponentDescriptor<NoPropsNoEventsNativeComponentViewShadowNode>;

} // namespace react
} // namespace facebook
",
}
`;

exports[`GenerateComponentDescriptorH can generate for 'ObjectPropsNativeComponent.js' 1`] = `
Object {
  "ComponentDescriptors.h": "
/**
 * This code was generated by [react-native-codegen](https://www.npmjs.com/package/react-native-codegen).
 *
 * Do not edit this file as changes may cause incorrect behavior and will be lost
 * once the code is regenerated.
 *
 * @generated by codegen project: GenerateComponentDescriptorH.js
 */

#pragma once

#include <react/renderer/components/RNCodegenModuleFixtures/ShadowNodes.h>
#include <react/renderer/core/ConcreteComponentDescriptor.h>

namespace facebook {
namespace react {

using ObjectPropsNativeComponentComponentDescriptor = ConcreteComponentDescriptor<ObjectPropsNativeComponentShadowNode>;

} // namespace react
} // namespace facebook
",
}
`;

exports[`GenerateComponentDescriptorH can generate for 'PointPropNativeComponent.js' 1`] = `
Object {
  "ComponentDescriptors.h": "
/**
 * This code was generated by [react-native-codegen](https://www.npmjs.com/package/react-native-codegen).
 *
 * Do not edit this file as changes may cause incorrect behavior and will be lost
 * once the code is regenerated.
 *
 * @generated by codegen project: GenerateComponentDescriptorH.js
 */

#pragma once

#include <react/renderer/components/RNCodegenModuleFixtures/ShadowNodes.h>
#include <react/renderer/core/ConcreteComponentDescriptor.h>

namespace facebook {
namespace react {

using PointPropNativeComponentViewComponentDescriptor = ConcreteComponentDescriptor<PointPropNativeComponentViewShadowNode>;

} // namespace react
} // namespace facebook
",
}
`;

exports[`GenerateComponentDescriptorH can generate for 'StringPropNativeComponent.js' 1`] = `
Object {
  "ComponentDescriptors.h": "
/**
 * This code was generated by [react-native-codegen](https://www.npmjs.com/package/react-native-codegen).
 *
 * Do not edit this file as changes may cause incorrect behavior and will be lost
 * once the code is regenerated.
 *
 * @generated by codegen project: GenerateComponentDescriptorH.js
 */

#pragma once

#include <react/renderer/components/RNCodegenModuleFixtures/ShadowNodes.h>
#include <react/renderer/core/ConcreteComponentDescriptor.h>

namespace facebook {
namespace react {

using StringPropNativeComponentViewComponentDescriptor = ConcreteComponentDescriptor<StringPropNativeComponentViewShadowNode>;

} // namespace react
} // namespace facebook
",
}
`;
