// Jest Snapshot v1, https://goo.gl/fbAQLP

exports[`GeneratePropsJavaInterface can generate fixture ARRAY_PROPS 1`] = `
Map {
  "java/com/facebook/react/viewmanagers/ArrayPropsNativeComponentManagerInterface.java" => "/**
* Copyright (c) Facebook, Inc. and its affiliates.
*
* This source code is licensed under the MIT license found in the
* LICENSE file in the root directory of this source tree.
*
* @generated by codegen project: GeneratePropsJavaInterface.js
*/

package com.facebook.react.viewmanagers;

import android.view.View;
import androidx.annotation.Nullable;
import com.facebook.react.bridge.ReadableArray;

public interface ArrayPropsNativeComponentManagerInterface<T extends View> {
  void setNames(T view, @Nullable ReadableArray value);
  void setDisableds(T view, @Nullable ReadableArray value);
  void setProgress(T view, @Nullable ReadableArray value);
  void setRadii(T view, @Nullable ReadableArray value);
  void setColors(T view, @Nullable ReadableArray value);
  void setSrcs(T view, @Nullable ReadableArray value);
  void setPoints(T view, @Nullable ReadableArray value);
  void setSizes(T view, @Nullable ReadableArray value);
  void setObject(T view, @Nullable ReadableArray value);
  void setArray(T view, @Nullable ReadableArray value);
  void setArrayOfArrayOfObject(T view, @Nullable ReadableArray value);
}
",
}
`;

exports[`GeneratePropsJavaInterface can generate fixture ARRAY_PROPS_WITH_NESTED_OBJECT 1`] = `
Map {
  "java/com/facebook/react/viewmanagers/ArrayPropsNativeComponentManagerInterface.java" => "/**
* Copyright (c) Facebook, Inc. and its affiliates.
*
* This source code is licensed under the MIT license found in the
* LICENSE file in the root directory of this source tree.
*
* @generated by codegen project: GeneratePropsJavaInterface.js
*/

package com.facebook.react.viewmanagers;

import android.view.View;
import androidx.annotation.Nullable;
import com.facebook.react.bridge.ReadableArray;

public interface ArrayPropsNativeComponentManagerInterface<T extends View> {
  void setNativePrimitives(T view, @Nullable ReadableArray value);
}
",
}
`;

exports[`GeneratePropsJavaInterface can generate fixture BOOLEAN_PROP 1`] = `
Map {
  "java/com/facebook/react/viewmanagers/BooleanPropNativeComponentManagerInterface.java" => "/**
* Copyright (c) Facebook, Inc. and its affiliates.
*
* This source code is licensed under the MIT license found in the
* LICENSE file in the root directory of this source tree.
*
* @generated by codegen project: GeneratePropsJavaInterface.js
*/

package com.facebook.react.viewmanagers;

import android.view.View;

public interface BooleanPropNativeComponentManagerInterface<T extends View> {
  void setDisabled(T view, boolean value);
}
",
}
`;

exports[`GeneratePropsJavaInterface can generate fixture COLOR_PROP 1`] = `
Map {
  "java/com/facebook/react/viewmanagers/ColorPropNativeComponentManagerInterface.java" => "/**
* Copyright (c) Facebook, Inc. and its affiliates.
*
* This source code is licensed under the MIT license found in the
* LICENSE file in the root directory of this source tree.
*
* @generated by codegen project: GeneratePropsJavaInterface.js
*/

package com.facebook.react.viewmanagers;

import android.view.View;
import androidx.annotation.Nullable;

public interface ColorPropNativeComponentManagerInterface<T extends View> {
  void setTintColor(T view, @Nullable Integer value);
}
",
}
`;

exports[`GeneratePropsJavaInterface can generate fixture COMMANDS 1`] = `
Map {
  "java/com/facebook/react/viewmanagers/CommandNativeComponentManagerInterface.java" => "/**
* Copyright (c) Facebook, Inc. and its affiliates.
*
* This source code is licensed under the MIT license found in the
* LICENSE file in the root directory of this source tree.
*
* @generated by codegen project: GeneratePropsJavaInterface.js
*/

package com.facebook.react.viewmanagers;

import android.view.View;

public interface CommandNativeComponentManagerInterface<T extends View> {
  // No props
  void flashScrollIndicators(T view);
  void allTypes(T view, int x, float y, double z, String message, boolean animated);
}
",
}
`;

exports[`GeneratePropsJavaInterface can generate fixture COMMANDS_AND_PROPS 1`] = `
Map {
  "java/com/facebook/react/viewmanagers/CommandNativeComponentManagerInterface.java" => "/**
* Copyright (c) Facebook, Inc. and its affiliates.
*
* This source code is licensed under the MIT license found in the
* LICENSE file in the root directory of this source tree.
*
* @generated by codegen project: GeneratePropsJavaInterface.js
*/

package com.facebook.react.viewmanagers;

import android.view.View;
import androidx.annotation.Nullable;

public interface CommandNativeComponentManagerInterface<T extends View> {
  void setAccessibilityHint(T view, @Nullable String value);
  void handleRootTag(T view, double rootTag);
  void hotspotUpdate(T view, int x, int y);
}
",
}
`;

exports[`GeneratePropsJavaInterface can generate fixture DOUBLE_PROPS 1`] = `
Map {
  "java/com/facebook/react/viewmanagers/DoublePropNativeComponentManagerInterface.java" => "/**
* Copyright (c) Facebook, Inc. and its affiliates.
*
* This source code is licensed under the MIT license found in the
* LICENSE file in the root directory of this source tree.
*
* @generated by codegen project: GeneratePropsJavaInterface.js
*/

package com.facebook.react.viewmanagers;

import android.view.View;

public interface DoublePropNativeComponentManagerInterface<T extends View> {
  void setBlurRadius(T view, double value);
  void setBlurRadius2(T view, double value);
  void setBlurRadius3(T view, double value);
  void setBlurRadius4(T view, double value);
  void setBlurRadius5(T view, double value);
  void setBlurRadius6(T view, double value);
}
",
}
`;

exports[`GeneratePropsJavaInterface can generate fixture EVENT_NESTED_OBJECT_PROPS 1`] = `
Map {
  "java/com/facebook/react/viewmanagers/EventsNestedObjectNativeComponentManagerInterface.java" => "/**
* Copyright (c) Facebook, Inc. and its affiliates.
*
* This source code is licensed under the MIT license found in the
* LICENSE file in the root directory of this source tree.
*
* @generated by codegen project: GeneratePropsJavaInterface.js
*/

package com.facebook.react.viewmanagers;

import android.view.View;

public interface EventsNestedObjectNativeComponentManagerInterface<T extends View> {
  void setDisabled(T view, boolean value);
}
",
}
`;

exports[`GeneratePropsJavaInterface can generate fixture EVENT_PROPS 1`] = `
Map {
  "java/com/facebook/react/viewmanagers/EventsNativeComponentManagerInterface.java" => "/**
* Copyright (c) Facebook, Inc. and its affiliates.
*
* This source code is licensed under the MIT license found in the
* LICENSE file in the root directory of this source tree.
*
* @generated by codegen project: GeneratePropsJavaInterface.js
*/

package com.facebook.react.viewmanagers;

import android.view.View;

public interface EventsNativeComponentManagerInterface<T extends View> {
  void setDisabled(T view, boolean value);
}
",
}
`;

exports[`GeneratePropsJavaInterface can generate fixture EVENTS_WITH_PAPER_NAME 1`] = `
Map {
  "java/com/facebook/react/viewmanagers/InterfaceOnlyComponentManagerInterface.java" => "/**
* Copyright (c) Facebook, Inc. and its affiliates.
*
* This source code is licensed under the MIT license found in the
* LICENSE file in the root directory of this source tree.
*
* @generated by codegen project: GeneratePropsJavaInterface.js
*/

package com.facebook.react.viewmanagers;

import android.view.View;

public interface InterfaceOnlyComponentManagerInterface<T extends View> {
  // No props
}
",
}
`;

exports[`GeneratePropsJavaInterface can generate fixture EXCLUDE_ANDROID 1`] = `Map {}`;

exports[`GeneratePropsJavaInterface can generate fixture EXCLUDE_ANDROID_IOS 1`] = `Map {}`;

exports[`GeneratePropsJavaInterface can generate fixture FLOAT_PROPS 1`] = `
Map {
  "java/com/facebook/react/viewmanagers/FloatPropNativeComponentManagerInterface.java" => "/**
* Copyright (c) Facebook, Inc. and its affiliates.
*
* This source code is licensed under the MIT license found in the
* LICENSE file in the root directory of this source tree.
*
* @generated by codegen project: GeneratePropsJavaInterface.js
*/

package com.facebook.react.viewmanagers;

import android.view.View;

public interface FloatPropNativeComponentManagerInterface<T extends View> {
  void setBlurRadius(T view, float value);
  void setBlurRadius2(T view, float value);
  void setBlurRadius3(T view, float value);
  void setBlurRadius4(T view, float value);
  void setBlurRadius5(T view, float value);
  void setBlurRadius6(T view, float value);
}
",
}
`;

exports[`GeneratePropsJavaInterface can generate fixture IMAGE_PROP 1`] = `
Map {
  "java/com/facebook/react/viewmanagers/ImagePropNativeComponentManagerInterface.java" => "/**
* Copyright (c) Facebook, Inc. and its affiliates.
*
* This source code is licensed under the MIT license found in the
* LICENSE file in the root directory of this source tree.
*
* @generated by codegen project: GeneratePropsJavaInterface.js
*/

package com.facebook.react.viewmanagers;

import android.view.View;
import androidx.annotation.Nullable;
import com.facebook.react.bridge.ReadableMap;

public interface ImagePropNativeComponentManagerInterface<T extends View> {
  void setThumbImage(T view, @Nullable ReadableMap value);
}
",
}
`;

exports[`GeneratePropsJavaInterface can generate fixture INSETS_PROP 1`] = `
Map {
  "java/com/facebook/react/viewmanagers/InsetsPropNativeComponentManagerInterface.java" => "/**
* Copyright (c) Facebook, Inc. and its affiliates.
*
* This source code is licensed under the MIT license found in the
* LICENSE file in the root directory of this source tree.
*
* @generated by codegen project: GeneratePropsJavaInterface.js
*/

package com.facebook.react.viewmanagers;

import android.view.View;
import androidx.annotation.Nullable;
import com.facebook.react.bridge.ReadableMap;

public interface InsetsPropNativeComponentManagerInterface<T extends View> {
  void setContentInset(T view, @Nullable ReadableMap value);
}
",
}
`;

exports[`GeneratePropsJavaInterface can generate fixture INT32_ENUM_PROP 1`] = `
Map {
  "java/com/facebook/react/viewmanagers/Int32EnumPropsNativeComponentManagerInterface.java" => "/**
* Copyright (c) Facebook, Inc. and its affiliates.
*
* This source code is licensed under the MIT license found in the
* LICENSE file in the root directory of this source tree.
*
* @generated by codegen project: GeneratePropsJavaInterface.js
*/

package com.facebook.react.viewmanagers;

import android.view.View;
import androidx.annotation.Nullable;

public interface Int32EnumPropsNativeComponentManagerInterface<T extends View> {
  void setMaxInterval(T view, @Nullable Integer value);
}
",
}
`;

exports[`GeneratePropsJavaInterface can generate fixture INTEGER_PROPS 1`] = `
Map {
  "java/com/facebook/react/viewmanagers/IntegerPropNativeComponentManagerInterface.java" => "/**
* Copyright (c) Facebook, Inc. and its affiliates.
*
* This source code is licensed under the MIT license found in the
* LICENSE file in the root directory of this source tree.
*
* @generated by codegen project: GeneratePropsJavaInterface.js
*/

package com.facebook.react.viewmanagers;

import android.view.View;

public interface IntegerPropNativeComponentManagerInterface<T extends View> {
  void setProgress1(T view, int value);
  void setProgress2(T view, int value);
  void setProgress3(T view, int value);
}
",
}
`;

exports[`GeneratePropsJavaInterface can generate fixture INTERFACE_ONLY 1`] = `
Map {
  "java/com/facebook/react/viewmanagers/InterfaceOnlyComponentManagerInterface.java" => "/**
* Copyright (c) Facebook, Inc. and its affiliates.
*
* This source code is licensed under the MIT license found in the
* LICENSE file in the root directory of this source tree.
*
* @generated by codegen project: GeneratePropsJavaInterface.js
*/

package com.facebook.react.viewmanagers;

import android.view.View;
import androidx.annotation.Nullable;

public interface InterfaceOnlyComponentManagerInterface<T extends View> {
  void setAccessibilityHint(T view, @Nullable String value);
}
",
}
`;

exports[`GeneratePropsJavaInterface can generate fixture MULTI_NATIVE_PROP 1`] = `
Map {
  "java/com/facebook/react/viewmanagers/ImageColorPropNativeComponentManagerInterface.java" => "/**
* Copyright (c) Facebook, Inc. and its affiliates.
*
* This source code is licensed under the MIT license found in the
* LICENSE file in the root directory of this source tree.
*
* @generated by codegen project: GeneratePropsJavaInterface.js
*/

package com.facebook.react.viewmanagers;

import android.view.View;
import androidx.annotation.Nullable;
import com.facebook.react.bridge.ReadableMap;

public interface ImageColorPropNativeComponentManagerInterface<T extends View> {
  void setThumbImage(T view, @Nullable ReadableMap value);
  void setColor(T view, @Nullable Integer value);
  void setThumbTintColor(T view, @Nullable Integer value);
  void setPoint(T view, @Nullable ReadableMap value);
}
",
}
`;

exports[`GeneratePropsJavaInterface can generate fixture NO_PROPS_NO_EVENTS 1`] = `
Map {
  "java/com/facebook/react/viewmanagers/NoPropsNoEventsComponentManagerInterface.java" => "/**
* Copyright (c) Facebook, Inc. and its affiliates.
*
* This source code is licensed under the MIT license found in the
* LICENSE file in the root directory of this source tree.
*
* @generated by codegen project: GeneratePropsJavaInterface.js
*/

package com.facebook.react.viewmanagers;

import android.view.View;

public interface NoPropsNoEventsComponentManagerInterface<T extends View> {
  // No props
}
",
}
`;

exports[`GeneratePropsJavaInterface can generate fixture OBJECT_PROPS 1`] = `
Map {
  "java/com/facebook/react/viewmanagers/ObjectPropsManagerInterface.java" => "/**
* Copyright (c) Facebook, Inc. and its affiliates.
*
* This source code is licensed under the MIT license found in the
* LICENSE file in the root directory of this source tree.
*
* @generated by codegen project: GeneratePropsJavaInterface.js
*/

package com.facebook.react.viewmanagers;

import android.view.View;
import androidx.annotation.Nullable;
import com.facebook.react.bridge.ReadableMap;

public interface ObjectPropsManagerInterface<T extends View> {
  void setObjectProp(T view, @Nullable ReadableMap value);
}
",
}
`;

exports[`GeneratePropsJavaInterface can generate fixture POINT_PROP 1`] = `
Map {
  "java/com/facebook/react/viewmanagers/PointPropNativeComponentManagerInterface.java" => "/**
* Copyright (c) Facebook, Inc. and its affiliates.
*
* This source code is licensed under the MIT license found in the
* LICENSE file in the root directory of this source tree.
*
* @generated by codegen project: GeneratePropsJavaInterface.js
*/

package com.facebook.react.viewmanagers;

import android.view.View;
import androidx.annotation.Nullable;
import com.facebook.react.bridge.ReadableMap;

public interface PointPropNativeComponentManagerInterface<T extends View> {
  void setStartPoint(T view, @Nullable ReadableMap value);
}
",
}
`;

exports[`GeneratePropsJavaInterface can generate fixture STRING_ENUM_PROP 1`] = `
Map {
  "java/com/facebook/react/viewmanagers/StringEnumPropsNativeComponentManagerInterface.java" => "/**
* Copyright (c) Facebook, Inc. and its affiliates.
*
* This source code is licensed under the MIT license found in the
* LICENSE file in the root directory of this source tree.
*
* @generated by codegen project: GeneratePropsJavaInterface.js
*/

package com.facebook.react.viewmanagers;

import android.view.View;
import androidx.annotation.Nullable;

public interface StringEnumPropsNativeComponentManagerInterface<T extends View> {
  void setAlignment(T view, @Nullable String value);
}
",
}
`;

exports[`GeneratePropsJavaInterface can generate fixture STRING_PROP 1`] = `
Map {
  "java/com/facebook/react/viewmanagers/StringPropComponentManagerInterface.java" => "/**
* Copyright (c) Facebook, Inc. and its affiliates.
*
* This source code is licensed under the MIT license found in the
* LICENSE file in the root directory of this source tree.
*
* @generated by codegen project: GeneratePropsJavaInterface.js
*/

package com.facebook.react.viewmanagers;

import android.view.View;
import androidx.annotation.Nullable;

public interface StringPropComponentManagerInterface<T extends View> {
  void setAccessibilityHint(T view, @Nullable String value);
  void setAccessibilityRole(T view, @Nullable String value);
}
",
}
`;

exports[`GeneratePropsJavaInterface can generate fixture TWO_COMPONENTS_DIFFERENT_FILES 1`] = `
Map {
  "java/com/facebook/react/viewmanagers/MultiFile1NativeComponentManagerInterface.java" => "/**
* Copyright (c) Facebook, Inc. and its affiliates.
*
* This source code is licensed under the MIT license found in the
* LICENSE file in the root directory of this source tree.
*
* @generated by codegen project: GeneratePropsJavaInterface.js
*/

package com.facebook.react.viewmanagers;

import android.view.View;

public interface MultiFile1NativeComponentManagerInterface<T extends View> {
  void setDisabled(T view, boolean value);
}
",
  "java/com/facebook/react/viewmanagers/MultiFile2NativeComponentManagerInterface.java" => "/**
* Copyright (c) Facebook, Inc. and its affiliates.
*
* This source code is licensed under the MIT license found in the
* LICENSE file in the root directory of this source tree.
*
* @generated by codegen project: GeneratePropsJavaInterface.js
*/

package com.facebook.react.viewmanagers;

import android.view.View;

public interface MultiFile2NativeComponentManagerInterface<T extends View> {
  void setDisabled(T view, boolean value);
}
",
}
`;

exports[`GeneratePropsJavaInterface can generate fixture TWO_COMPONENTS_SAME_FILE 1`] = `
Map {
  "java/com/facebook/react/viewmanagers/MultiComponent1NativeComponentManagerInterface.java" => "/**
* Copyright (c) Facebook, Inc. and its affiliates.
*
* This source code is licensed under the MIT license found in the
* LICENSE file in the root directory of this source tree.
*
* @generated by codegen project: GeneratePropsJavaInterface.js
*/

package com.facebook.react.viewmanagers;

import android.view.View;

public interface MultiComponent1NativeComponentManagerInterface<T extends View> {
  void setDisabled(T view, boolean value);
}
",
  "java/com/facebook/react/viewmanagers/MultiComponent2NativeComponentManagerInterface.java" => "/**
* Copyright (c) Facebook, Inc. and its affiliates.
*
* This source code is licensed under the MIT license found in the
* LICENSE file in the root directory of this source tree.
*
* @generated by codegen project: GeneratePropsJavaInterface.js
*/

package com.facebook.react.viewmanagers;

import android.view.View;

public interface MultiComponent2NativeComponentManagerInterface<T extends View> {
  void setDisabled(T view, boolean value);
}
",
}
`;
