// Jest Snapshot v1, https://goo.gl/fbAQLP

exports[`GenerateThirdPartyFabricComponentsProviderH can generate fixtures 1`] = `
Map {
  "RCTThirdPartyFabricComponentsProvider.h" => "
/*
 * This code was generated by [react-native-codegen](https://www.npmjs.com/package/react-native-codegen).
 *
 * Do not edit this file as changes may cause incorrect behavior and will be lost
 * once the code is regenerated.
 *
 * @generated by GenerateRCTThirdPartyFabricComponentsProviderH
 */

#pragma GCC diagnostic push
#pragma GCC diagnostic ignored \\"-Wreturn-type-c-linkage\\"

#import <React/RCTComponentViewProtocol.h>

#ifdef __cplusplus
extern \\"C\\" {
#endif

Class<RCTComponentViewProtocol> RCTThirdPartyFabricComponentsProvider(const char *name);

Class<RCTComponentViewProtocol> NoPropsNoEventsComponentCls(void) __attribute__((used)); // NO_PROPS_NO_EVENTS
Class<RCTComponentViewProtocol> InterfaceOnlyComponentCls(void) __attribute__((used)); // INTERFACE_ONLY
Class<RCTComponentViewProtocol> BooleanPropNativeComponentCls(void) __attribute__((used)); // BOOLEAN_PROP
Class<RCTComponentViewProtocol> StringPropComponentCls(void) __attribute__((used)); // STRING_PROP
Class<RCTComponentViewProtocol> IntegerPropNativeComponentCls(void) __attribute__((used)); // INTEGER_PROPS
Class<RCTComponentViewProtocol> DoublePropNativeComponentCls(void) __attribute__((used)); // DOUBLE_PROPS
Class<RCTComponentViewProtocol> FloatPropNativeComponentCls(void) __attribute__((used)); // FLOAT_PROPS
Class<RCTComponentViewProtocol> ColorPropNativeComponentCls(void) __attribute__((used)); // COLOR_PROP
Class<RCTComponentViewProtocol> ImagePropNativeComponentCls(void) __attribute__((used)); // IMAGE_PROP
Class<RCTComponentViewProtocol> PointPropNativeComponentCls(void) __attribute__((used)); // POINT_PROP
Class<RCTComponentViewProtocol> InsetsPropNativeComponentCls(void) __attribute__((used)); // INSETS_PROP
Class<RCTComponentViewProtocol> ArrayPropsNativeComponentCls(void) __attribute__((used)); // ARRAY_PROPS
Class<RCTComponentViewProtocol> ArrayPropsNativeComponentCls(void) __attribute__((used)); // ARRAY_PROPS_WITH_NESTED_OBJECT
Class<RCTComponentViewProtocol> ObjectPropsCls(void) __attribute__((used)); // OBJECT_PROPS
Class<RCTComponentViewProtocol> ImageColorPropNativeComponentCls(void) __attribute__((used)); // MULTI_NATIVE_PROP
Class<RCTComponentViewProtocol> StringEnumPropsNativeComponentCls(void) __attribute__((used)); // STRING_ENUM_PROP
Class<RCTComponentViewProtocol> Int32EnumPropsNativeComponentCls(void) __attribute__((used)); // INT32_ENUM_PROP
Class<RCTComponentViewProtocol> EventsNativeComponentCls(void) __attribute__((used)); // EVENT_PROPS
Class<RCTComponentViewProtocol> InterfaceOnlyComponentCls(void) __attribute__((used)); // EVENTS_WITH_PAPER_NAME
Class<RCTComponentViewProtocol> EventsNestedObjectNativeComponentCls(void) __attribute__((used)); // EVENT_NESTED_OBJECT_PROPS
Class<RCTComponentViewProtocol> MultiComponent1NativeComponentCls(void) __attribute__((used)); // TWO_COMPONENTS_SAME_FILE
Class<RCTComponentViewProtocol> MultiComponent2NativeComponentCls(void) __attribute__((used)); // TWO_COMPONENTS_SAME_FILE
Class<RCTComponentViewProtocol> MultiFile1NativeComponentCls(void) __attribute__((used)); // TWO_COMPONENTS_DIFFERENT_FILES
Class<RCTComponentViewProtocol> MultiFile2NativeComponentCls(void) __attribute__((used)); // TWO_COMPONENTS_DIFFERENT_FILES
Class<RCTComponentViewProtocol> CommandNativeComponentCls(void) __attribute__((used)); // COMMANDS
Class<RCTComponentViewProtocol> CommandNativeComponentCls(void) __attribute__((used)); // COMMANDS_AND_PROPS
Class<RCTComponentViewProtocol> ExcludedAndroidComponentCls(void) __attribute__((used)); // EXCLUDE_ANDROID

Class<RCTComponentViewProtocol> MultiFileIncludedNativeComponentCls(void) __attribute__((used)); // EXCLUDE_IOS_TWO_COMPONENTS_DIFFERENT_FILES

#ifdef __cplusplus
}
#endif

#pragma GCC diagnostic pop

",
}
`;
